---
source: tests/snapshots.rs
expression: stderr
---
error: User-defined 'sync_state' is not allowed. Use AztecConfig::custom_sync_state() to customize sync behavior.
  ┌─ src/main.nr:6:10
  │
6 │ contract UserDefinedSyncState {
  │          --------------------
  │

Aborting due to 1 previous error
