---
source: tests/snapshots.rs
expression: stderr
---
error: Direct invocation of utility functions is not supported. You attempted to call arbitrary_external_function. See https://docs.aztec.network/errors/6
   ┌─ src/main.nr:3:1
   │
 3 │ #[aztec]
   │ -------- While running this function attribute
   ·
12 │         arbitrary_external_function();
   │         --------------------------- `arbitrary_external_function` has been deprecated
   │

Aborting due to 1 previous error
