---
source: tests/snapshots.rs
expression: stderr
---
error: The #[internal] attribute cannot be applied to external functions - foo is marked as both #[external] and #[internal("private")]
   ┌─ src/main.nr:10:8
   │
10 │     fn foo() {}
   │        ---
   │

error: Function already resolved
   ┌─ <repo>/noir-projects/aztec-nr/aztec/src/macros/internals_functions_generation/internal.nr:<line>:<col>
   │
   │     let body = f.body();
   │                -------- The function was previously called at compile-time or is in another crate
   │

Aborting due to 2 previous errors
