---
source: tests/snapshots.rs
expression: stderr
---
error: Type PrivateImmutable<Field, Context> implements OwnedStateVariable and hence cannot be placed in Storage struct without being wrapped in Owned. Wrap the type in Owned<..., Context>.
   ┌─ src/main.nr:9:5
   │  
 9 │ ╭     struct Storage<Context> {
10 │ │         owned_state_var: PrivateImmutable<Field, Context>,
11 │ │     }
   │ ╰─────'
   │  

Aborting due to 1 previous error
