// Jest Snapshot v1, https://jestjs.io/docs/snapshot-testing

exports[`revert_code should serialize RevertCode<0> properly 1`] = `
{
  "data": [
    0,
    0,
    0,
    0,
    0,
    0,
    0,
    0,
    0,
    0,
    0,
    0,
    0,
    0,
    0,
    0,
    0,
    0,
    0,
    0,
    0,
    0,
    0,
    0,
    0,
    0,
    0,
    0,
    0,
    0,
    0,
    0,
  ],
  "type": "Buffer",
}
`;

exports[`revert_code should serialize RevertCode<0> properly 2`] = `
{
  "data": [
    0,
  ],
  "type": "Buffer",
}
`;

exports[`revert_code should serialize RevertCode<0> properly 3`] = `"0x0000000000000000000000000000000000000000000000000000000000000000"`;

exports[`revert_code should serialize RevertCode<1> properly 1`] = `
{
  "data": [
    0,
    0,
    0,
    0,
    0,
    0,
    0,
    0,
    0,
    0,
    0,
    0,
    0,
    0,
    0,
    0,
    0,
    0,
    0,
    0,
    0,
    0,
    0,
    0,
    0,
    0,
    0,
    0,
    0,
    0,
    0,
    1,
  ],
  "type": "Buffer",
}
`;

exports[`revert_code should serialize RevertCode<1> properly 2`] = `
{
  "data": [
    1,
  ],
  "type": "Buffer",
}
`;

exports[`revert_code should serialize RevertCode<1> properly 3`] = `"0x0000000000000000000000000000000000000000000000000000000000000001"`;
