// Jest Snapshot v1, https://goo.gl/fbAQLP

exports[`abis wasm bindings computes a contract address 1`] = `
AztecAddress {
  "buffer": Object {
    "data": Array [
      0,
      0,
      0,
      0,
      0,
      0,
      0,
      0,
      0,
      0,
      0,
      0,
      0,
      0,
      0,
      0,
      0,
      0,
      0,
      0,
      0,
      0,
      0,
      0,
      0,
      0,
      0,
      0,
      0,
      0,
      0,
      0,
    ],
    "type": "Buffer",
  },
}
`;

exports[`abis wasm bindings computes a function selector 1`] = `
Object {
  "data": Array [
    169,
    5,
    156,
    187,
    42,
    176,
    158,
    178,
    25,
    88,
    63,
    74,
    89,
    165,
    208,
    98,
    58,
    222,
    52,
    109,
    150,
    43,
    205,
    78,
    70,
    177,
    29,
    160,
    71,
    201,
    4,
  ],
  "type": "Buffer",
}
`;
