---
source: tests/snapshots.rs
expression: stderr
---
error: Function name 'public_dispatch' is reserved for internal use
   ┌─ src/main.nr:10:8
   │
10 │     fn public_dispatch() {}
   │        ---------------
   │

error: Duplicate definitions of function with name public_dispatch found
    ┌─ <repo>/noir-projects/aztec-nr/aztec/src/macros/dispatch.nr:<line>:<col>
    │
    │             pub unconstrained fn public_dispatch(selector: Field) {
    │                                  --------------- Second function found here
    │
    ┌─ src/main.nr:5:1
    │
  5 │ #[aztec]
    │ -------- While running this function attribute
    ·
 10 │     fn public_dispatch() {}
    │        --------------- First function found here
    │

Aborting due to 2 previous errors
