// Jest Snapshot v1, https://goo.gl/fbAQLP

exports[`structs/base_rollup serializes and prints BaseRollupPublicInputs 1`] = `
"rollup_type: 0
rollup_subtree_height: 0x0
end_aggregation_object: P0: { 0x100, 0x101 }
P1: { 0x200, 0x201 }
public_inputs: [
 0x102
 0x103
 0x104
 0x105
]
proof_witness_indices: [ 262 263 264 265 266 267 ]
has_data: 0

constants: start_historic_blocks_tree_roots_snapshot:
root: 0x500
next_available_leaf_index: 1280

private_kernel_vk_tree_root: 0x601
public_kernel_vk_tree_root: 0x602
base_rollup_vk_hash: 0x603
merge_rollup_vk_hash: 0x604
global_variables: chain_id: 0x605
version: 0x606
block_number: 0x607
timestamp: 0x608


start_private_data_tree_snapshot: root: 0x300
next_available_leaf_index: 768

end_private_data_tree_snapshot: root: 0x400
next_available_leaf_index: 1024

start_nullifier_tree_snapshot: root: 0x500
next_available_leaf_index: 1280

end_nullifier_tree_snapshot: root: 0x600
next_available_leaf_index: 1536

start_contract_tree_snapshot: root: 0x700
next_available_leaf_index: 1792

end_contract_tree_snapshot: root: 0x800
next_available_leaf_index: 2048

start_public_data_tree_root: 0x900
end_public_data_tree_root: 0x1000
calldata_hash: [ 0x901 0x902 ]
"
`;
