---
source: tests/snapshots.rs
expression: stderr
---
error: The #[only_self] attribute cannot be applied to #[external("utility")] functions - foo
   ┌─ src/main.nr:10:22
   │
10 │     unconstrained fn foo() {}
   │                      ---
   │

error: The #[noinitcheck] attribute cannot be applied to #[external("utility")] functions - foo
   ┌─ src/main.nr:10:22
   │
10 │     unconstrained fn foo() {}
   │                      ---
   │

Aborting due to 2 previous errors
